2026-03-25 13:18:47,609 [DEBUG] RAG: 错误信息
2026-03-25 13:18:47,610 [INFO] RAG: 普通信息
2026-03-25 13:18:47,610 [WARNING] RAG: 警告信息
2026-03-25 13:18:47,610 [ERROR] RAG: 错误信息
2026-03-25 13:18:47,610 [CRITICAL] RAG: 严重信息
2026-03-25 13:23:25,959 [DEBUG] RAG: 错误信息
2026-03-25 13:23:25,959 [DEBUG] RAG: 错误信息
2026-03-25 13:23:25,959 [DEBUG] RAG: 错误信息
2026-03-25 13:23:25,959 [INFO] RAG: 普通信息
2026-03-25 13:23:25,959 [INFO] RAG: 普通信息
2026-03-25 13:23:25,959 [INFO] RAG: 普通信息
2026-03-25 13:23:25,959 [WARNING] RAG: 警告信息
2026-03-25 13:23:25,959 [WARNING] RAG: 警告信息
2026-03-25 13:23:25,959 [WARNING] RAG: 警告信息
2026-03-25 13:23:25,959 [ERROR] RAG: 错误信息
2026-03-25 13:23:25,959 [ERROR] RAG: 错误信息
2026-03-25 13:23:25,959 [ERROR] RAG: 错误信息
2026-03-25 13:23:25,959 [CRITICAL] RAG: 严重信息
2026-03-25 13:23:25,959 [CRITICAL] RAG: 严重信息
2026-03-25 13:23:25,959 [CRITICAL] RAG: 严重信息
2026-03-25 13:26:09,633 [DEBUG] RAG: 错误信息
2026-03-25 13:26:09,633 [INFO] RAG: 普通信息
2026-03-25 13:26:09,633 [WARNING] RAG: 警告信息
2026-03-25 13:26:09,633 [ERROR] RAG: 错误信息
2026-03-25 13:26:09,633 [CRITICAL] RAG: 严重信息
